Command line invocation:
    /Applications/Xcode.app/Contents/Developer/usr/bin/xcodebuild build-for-testing -scheme CryptoConverter -destination "generic/platform=iOS Simulator"

Resolve Package Graph


Resolved source packages:
  DotLottie: https://github.com/LottieFiles/dotlottie-ios @ main (1f46c47)

ComputePackagePrebuildTargetDependencyGraph

Prepare packages

CreateBuildRequest

SendProjectDescription

CreateBuildOperation

ComputeTargetDependencyGraph
note: Building targets in dependency order
note: Target dependency graph (5 targets)
    Target 'CryptoConverterIntegrationTests' in project 'CryptoConverter'
        ➜ Explicit dependency on target 'CryptoConverter' in project 'CryptoConverter'
    Target 'CryptoConverterUnitTests' in project 'CryptoConverter'
        ➜ Explicit dependency on target 'CryptoConverter' in project 'CryptoConverter'
    Target 'CryptoConverter' in project 'CryptoConverter'
        ➜ Explicit dependency on target 'DotLottie' in project 'DotLottie'
    Target 'DotLottie' in project 'DotLottie'
        ➜ Explicit dependency on target 'DotLottie' in project 'DotLottie'
    Target 'DotLottie' in project 'DotLottie' (no dependencies)

GatherProvisioningInputs

CreateBuildDescription

ExecuteExternalTool /Applications/Xcode.app/Contents/Developer/Toolchains/XcodeDefault.xctoolchain/usr/bin/swiftc --version

ExecuteExternalTool /Applications/Xcode.app/Contents/Developer/usr/bin/actool --print-asset-tag-combinations --output-format xml1 /Users/dimitris/Documents/CryptoConverter/logo-from-composer.icon /Users/dimitris/Documents/CryptoConverter/CryptoConverter/Assets.xcassets

ExecuteExternalTool /Applications/Xcode.app/Contents/Developer/Toolchains/XcodeDefault.xctoolchain/usr/bin/clang -v -E -dM -isysroot /Applications/Xcode.app/Contents/Developer/Platforms/iPhoneSimulator.platform/Developer/SDKs/iPhoneSimulator26.4.sdk -x c -c /dev/null

ExecuteExternalTool /Applications/Xcode.app/Contents/Developer/Toolchains/XcodeDefault.xctoolchain/usr/bin/ld -version_details

ExecuteExternalTool /Applications/Xcode.app/Contents/Developer/usr/bin/actool --version --output-format xml1

Build description signature: 9abae3118732fe87927ae1612dd08cc5
Build description path: /Users/dimitris/Library/Developer/Xcode/DerivedData/CryptoConverter-cxdyxnmakvzobrhdphozriywiqks/Build/Intermediates.noindex/XCBuildData/9abae3118732fe87927ae1612dd08cc5.xcbuilddata
ClangStatCache /Applications/Xcode.app/Contents/Developer/Toolchains/XcodeDefault.xctoolchain/usr/bin/clang-stat-cache /Applications/Xcode.app/Contents/Developer/Platforms/iPhoneSimulator.platform/Developer/SDKs/iPhoneSimulator26.4.sdk /Users/dimitris/Library/Developer/Xcode/DerivedData/SDKStatCaches.noindex/iphonesimulator26.4-23E237-686eebb5dc1d8ecb277353a59184f4aa.sdkstatcache
    cd /Users/dimitris/Documents/CryptoConverter/CryptoConverter.xcodeproj
    /Applications/Xcode.app/Contents/Developer/Toolchains/XcodeDefault.xctoolchain/usr/bin/clang-stat-cache /Applications/Xcode.app/Contents/Developer/Platforms/iPhoneSimulator.platform/Developer/SDKs/iPhoneSimulator26.4.sdk -o /Users/dimitris/Library/Developer/Xcode/DerivedData/SDKStatCaches.noindex/iphonesimulator26.4-23E237-686eebb5dc1d8ecb277353a59184f4aa.sdkstatcache

ProcessInfoPlistFile /Users/dimitris/Library/Developer/Xcode/DerivedData/CryptoConverter-cxdyxnmakvzobrhdphozriywiqks/Build/Products/Debug-iphonesimulator/Currency\ Converter.app/Info.plist /Users/dimitris/Library/Developer/Xcode/DerivedData/CryptoConverter-cxdyxnmakvzobrhdphozriywiqks/Build/Intermediates.noindex/CryptoConverter.build/Debug-iphonesimulator/CryptoConverter.build/empty-Currency\ Converter.plist (in target 'CryptoConverter' from project 'CryptoConverter')
    cd /Users/dimitris/Documents/CryptoConverter
    builtin-infoPlistUtility /Users/dimitris/Library/Developer/Xcode/DerivedData/CryptoConverter-cxdyxnmakvzobrhdphozriywiqks/Build/Intermediates.noindex/CryptoConverter.build/Debug-iphonesimulator/CryptoConverter.build/empty-Currency\ Converter.plist -producttype com.apple.product-type.application -genpkginfo /Users/dimitris/Library/Developer/Xcode/DerivedData/CryptoConverter-cxdyxnmakvzobrhdphozriywiqks/Build/Products/Debug-iphonesimulator/Currency\ Converter.app/PkgInfo -expandbuildsettings -format binary -platform iphonesimulator -additionalcontentfile /Users/dimitris/Library/Developer/Xcode/DerivedData/CryptoConverter-cxdyxnmakvzobrhdphozriywiqks/Build/Intermediates.noindex/CryptoConverter.build/Debug-iphonesimulator/CryptoConverter.build/assetcatalog_generated_info.plist -scanforprivacyfile /Users/dimitris/Library/Developer/Xcode/DerivedData/CryptoConverter-cxdyxnmakvzobrhdphozriywiqks/Build/Products/Debug-iphonesimulator/Currency\ Converter.app/Frameworks/DotLottiePlayer.framework -o /Users/dimitris/Library/Developer/Xcode/DerivedData/CryptoConverter-cxdyxnmakvzobrhdphozriywiqks/Build/Products/Debug-iphonesimulator/Currency\ Converter.app/Info.plist

CopySwiftLibs /Users/dimitris/Library/Developer/Xcode/DerivedData/CryptoConverter-cxdyxnmakvzobrhdphozriywiqks/Build/Products/Debug-iphonesimulator/Currency\ Converter.app (in target 'CryptoConverter' from project 'CryptoConverter')
    cd /Users/dimitris/Documents/CryptoConverter
    builtin-swiftStdLibTool --copy --verbose --sign - --scan-executable /Users/dimitris/Library/Developer/Xcode/DerivedData/CryptoConverter-cxdyxnmakvzobrhdphozriywiqks/Build/Products/Debug-iphonesimulator/Currency\ Converter.app/Currency\ Converter.debug.dylib --scan-folder /Users/dimitris/Library/Developer/Xcode/DerivedData/CryptoConverter-cxdyxnmakvzobrhdphozriywiqks/Build/Products/Debug-iphonesimulator/Currency\ Converter.app/Frameworks --scan-folder /Users/dimitris/Library/Developer/Xcode/DerivedData/CryptoConverter-cxdyxnmakvzobrhdphozriywiqks/Build/Products/Debug-iphonesimulator/Currency\ Converter.app/PlugIns --scan-folder /Users/dimitris/Library/Developer/Xcode/DerivedData/CryptoConverter-cxdyxnmakvzobrhdphozriywiqks/Build/Products/Debug-iphonesimulator/Currency\ Converter.app/SystemExtensions --scan-folder /Users/dimitris/Library/Developer/Xcode/DerivedData/CryptoConverter-cxdyxnmakvzobrhdphozriywiqks/Build/Products/Debug-iphonesimulator/Currency\ Converter.app/Extensions --platform iphonesimulator --toolchain /Applications/Xcode.app/Contents/Developer/Toolchains/XcodeDefault.xctoolchain --destination /Users/dimitris/Library/Developer/Xcode/DerivedData/CryptoConverter-cxdyxnmakvzobrhdphozriywiqks/Build/Products/Debug-iphonesimulator/Currency\ Converter.app/Frameworks --strip-bitcode --strip-bitcode-tool /Applications/Xcode.app/Contents/Developer/Toolchains/XcodeDefault.xctoolchain/usr/bin/bitcode_strip --emit-dependency-info /Users/dimitris/Library/Developer/Xcode/DerivedData/CryptoConverter-cxdyxnmakvzobrhdphozriywiqks/Build/Intermediates.noindex/CryptoConverter.build/Debug-iphonesimulator/CryptoConverter.build/SwiftStdLibToolInputDependencies.dep --filter-for-swift-os

ProcessInfoPlistFile /Users/dimitris/Library/Developer/Xcode/DerivedData/CryptoConverter-cxdyxnmakvzobrhdphozriywiqks/Build/Products/Debug-iphonesimulator/Currency\ Converter.app/PlugIns/CryptoConverterUnitTests.xctest/Info.plist /Users/dimitris/Library/Developer/Xcode/DerivedData/CryptoConverter-cxdyxnmakvzobrhdphozriywiqks/Build/Intermediates.noindex/CryptoConverter.build/Debug-iphonesimulator/CryptoConverterUnitTests.build/empty-CryptoConverterUnitTests.plist (in target 'CryptoConverterUnitTests' from project 'CryptoConverter')
    cd /Users/dimitris/Documents/CryptoConverter
    builtin-infoPlistUtility /Users/dimitris/Library/Developer/Xcode/DerivedData/CryptoConverter-cxdyxnmakvzobrhdphozriywiqks/Build/Intermediates.noindex/CryptoConverter.build/Debug-iphonesimulator/CryptoConverterUnitTests.build/empty-CryptoConverterUnitTests.plist -producttype com.apple.product-type.bundle.unit-test -expandbuildsettings -format binary -platform iphonesimulator -o /Users/dimitris/Library/Developer/Xcode/DerivedData/CryptoConverter-cxdyxnmakvzobrhdphozriywiqks/Build/Products/Debug-iphonesimulator/Currency\ Converter.app/PlugIns/CryptoConverterUnitTests.xctest/Info.plist

ProcessInfoPlistFile /Users/dimitris/Library/Developer/Xcode/DerivedData/CryptoConverter-cxdyxnmakvzobrhdphozriywiqks/Build/Products/Debug-iphonesimulator/Currency\ Converter.app/PlugIns/CryptoConverterIntegrationTests.xctest/Info.plist /Users/dimitris/Library/Developer/Xcode/DerivedData/CryptoConverter-cxdyxnmakvzobrhdphozriywiqks/Build/Intermediates.noindex/CryptoConverter.build/Debug-iphonesimulator/CryptoConverterIntegrationTests.build/empty-CryptoConverterIntegrationTests.plist (in target 'CryptoConverterIntegrationTests' from project 'CryptoConverter')
    cd /Users/dimitris/Documents/CryptoConverter
    builtin-infoPlistUtility /Users/dimitris/Library/Developer/Xcode/DerivedData/CryptoConverter-cxdyxnmakvzobrhdphozriywiqks/Build/Intermediates.noindex/CryptoConverter.build/Debug-iphonesimulator/CryptoConverterIntegrationTests.build/empty-CryptoConverterIntegrationTests.plist -producttype com.apple.product-type.bundle.unit-test -expandbuildsettings -format binary -platform iphonesimulator -o /Users/dimitris/Library/Developer/Xcode/DerivedData/CryptoConverter-cxdyxnmakvzobrhdphozriywiqks/Build/Products/Debug-iphonesimulator/Currency\ Converter.app/PlugIns/CryptoConverterIntegrationTests.xctest/Info.plist

CopySwiftLibs /Users/dimitris/Library/Developer/Xcode/DerivedData/CryptoConverter-cxdyxnmakvzobrhdphozriywiqks/Build/Products/Debug-iphonesimulator/Currency\ Converter.app/PlugIns/CryptoConverterIntegrationTests.xctest (in target 'CryptoConverterIntegrationTests' from project 'CryptoConverter')
    cd /Users/dimitris/Documents/CryptoConverter
    builtin-swiftStdLibTool --copy --verbose --sign - --scan-executable /Users/dimitris/Library/Developer/Xcode/DerivedData/CryptoConverter-cxdyxnmakvzobrhdphozriywiqks/Build/Products/Debug-iphonesimulator/Currency\ Converter.app/PlugIns/CryptoConverterIntegrationTests.xctest/CryptoConverterIntegrationTests --scan-folder /Users/dimitris/Library/Developer/Xcode/DerivedData/CryptoConverter-cxdyxnmakvzobrhdphozriywiqks/Build/Products/Debug-iphonesimulator/Currency\ Converter.app/PlugIns/CryptoConverterIntegrationTests.xctest/Frameworks --scan-folder /Users/dimitris/Library/Developer/Xcode/DerivedData/CryptoConverter-cxdyxnmakvzobrhdphozriywiqks/Build/Products/Debug-iphonesimulator/Currency\ Converter.app/PlugIns/CryptoConverterIntegrationTests.xctest/PlugIns --scan-folder /Users/dimitris/Library/Developer/Xcode/DerivedData/CryptoConverter-cxdyxnmakvzobrhdphozriywiqks/Build/Products/Debug-iphonesimulator/Currency\ Converter.app/PlugIns/CryptoConverterIntegrationTests.xctest/SystemExtensions --scan-folder /Users/dimitris/Library/Developer/Xcode/DerivedData/CryptoConverter-cxdyxnmakvzobrhdphozriywiqks/Build/Products/Debug-iphonesimulator/Currency\ Converter.app/PlugIns/CryptoConverterIntegrationTests.xctest/Extensions --platform iphonesimulator --toolchain /Applications/Xcode.app/Contents/Developer/Toolchains/XcodeDefault.xctoolchain --destination /Users/dimitris/Library/Developer/Xcode/DerivedData/CryptoConverter-cxdyxnmakvzobrhdphozriywiqks/Build/Products/Debug-iphonesimulator/Currency\ Converter.app/PlugIns/CryptoConverterIntegrationTests.xctest/Frameworks --strip-bitcode --scan-executable /Applications/Xcode.app/Contents/Developer/Platforms/iPhoneSimulator.platform/Developer/usr/lib/libXCTestSwiftSupport.dylib --strip-bitcode-tool /Applications/Xcode.app/Contents/Developer/Toolchains/XcodeDefault.xctoolchain/usr/bin/bitcode_strip --emit-dependency-info /Users/dimitris/Library/Developer/Xcode/DerivedData/CryptoConverter-cxdyxnmakvzobrhdphozriywiqks/Build/Intermediates.noindex/CryptoConverter.build/Debug-iphonesimulator/CryptoConverterIntegrationTests.build/SwiftStdLibToolInputDependencies.dep --filter-for-swift-os

CopySwiftLibs /Users/dimitris/Library/Developer/Xcode/DerivedData/CryptoConverter-cxdyxnmakvzobrhdphozriywiqks/Build/Products/Debug-iphonesimulator/Currency\ Converter.app/PlugIns/CryptoConverterUnitTests.xctest (in target 'CryptoConverterUnitTests' from project 'CryptoConverter')
    cd /Users/dimitris/Documents/CryptoConverter
    builtin-swiftStdLibTool --copy --verbose --sign - --scan-executable /Users/dimitris/Library/Developer/Xcode/DerivedData/CryptoConverter-cxdyxnmakvzobrhdphozriywiqks/Build/Products/Debug-iphonesimulator/Currency\ Converter.app/PlugIns/CryptoConverterUnitTests.xctest/CryptoConverterUnitTests --scan-folder /Users/dimitris/Library/Developer/Xcode/DerivedData/CryptoConverter-cxdyxnmakvzobrhdphozriywiqks/Build/Products/Debug-iphonesimulator/Currency\ Converter.app/PlugIns/CryptoConverterUnitTests.xctest/Frameworks --scan-folder /Users/dimitris/Library/Developer/Xcode/DerivedData/CryptoConverter-cxdyxnmakvzobrhdphozriywiqks/Build/Products/Debug-iphonesimulator/Currency\ Converter.app/PlugIns/CryptoConverterUnitTests.xctest/PlugIns --scan-folder /Users/dimitris/Library/Developer/Xcode/DerivedData/CryptoConverter-cxdyxnmakvzobrhdphozriywiqks/Build/Products/Debug-iphonesimulator/Currency\ Converter.app/PlugIns/CryptoConverterUnitTests.xctest/SystemExtensions --scan-folder /Users/dimitris/Library/Developer/Xcode/DerivedData/CryptoConverter-cxdyxnmakvzobrhdphozriywiqks/Build/Products/Debug-iphonesimulator/Currency\ Converter.app/PlugIns/CryptoConverterUnitTests.xctest/Extensions --platform iphonesimulator --toolchain /Applications/Xcode.app/Contents/Developer/Toolchains/XcodeDefault.xctoolchain --destination /Users/dimitris/Library/Developer/Xcode/DerivedData/CryptoConverter-cxdyxnmakvzobrhdphozriywiqks/Build/Products/Debug-iphonesimulator/Currency\ Converter.app/PlugIns/CryptoConverterUnitTests.xctest/Frameworks --strip-bitcode --scan-executable /Applications/Xcode.app/Contents/Developer/Platforms/iPhoneSimulator.platform/Developer/usr/lib/libXCTestSwiftSupport.dylib --strip-bitcode-tool /Applications/Xcode.app/Contents/Developer/Toolchains/XcodeDefault.xctoolchain/usr/bin/bitcode_strip --emit-dependency-info /Users/dimitris/Library/Developer/Xcode/DerivedData/CryptoConverter-cxdyxnmakvzobrhdphozriywiqks/Build/Intermediates.noindex/CryptoConverter.build/Debug-iphonesimulator/CryptoConverterUnitTests.build/SwiftStdLibToolInputDependencies.dep --filter-for-swift-os

** TEST BUILD SUCCEEDED ** [1.926 sec]

